// Jest Snapshot v1, https://goo.gl/fbAQLP

exports[`Calculator should display 0 as default value 1`] = `
<main
  class="mainCalcContainer"
>
  <section
    class="imgCalc"
  >
    <img
      alt="Calculate Backgroung"
      src="calculate.svg"
    />
  </section>
  <section
    class="calcContainer"
  >
    <div
      class="displayContainer"
    >
      <h2>
        0
      </h2>
    </div>
    <div
      class="inputContainer"
    >
      <button
        type="button"
      >
        AC
      </button>
      <button
        type="button"
      >
        +/-
      </button>
      <button
        type="button"
      >
        %
      </button>
      <button
        type="button"
      >
        รท
      </button>
      <button
        type="button"
      >
        7
      </button>
      <button
        type="button"
      >
        8
      </button>
      <button
        type="button"
      >
        9
      </button>
      <button
        type="button"
      >
        x
      </button>
      <button
        type="button"
      >
        4
      </button>
      <button
        type="button"
      >
        5
      </button>
      <button
        type="button"
      >
        6
      </button>
      <button
        type="button"
      >
        -
      </button>
      <button
        type="button"
      >
        1
      </button>
      <button
        type="button"
      >
        2
      </button>
      <button
        type="button"
      >
        3
      </button>
      <button
        type="button"
      >
        +
      </button>
      <button
        type="button"
      >
        0
      </button>
      <button
        type="button"
      >
        .
      </button>
      <button
        type="button"
      >
        =
      </button>
    </div>
  </section>
</main>
`;

exports[`Calculator should display the correct value when a number button is clicked 1`] = `
<main
  class="mainCalcContainer"
>
  <section
    class="imgCalc"
  >
    <img
      alt="Calculate Backgroung"
      src="calculate.svg"
    />
  </section>
  <section
    class="calcContainer"
  >
    <div
      class="displayContainer"
    >
      <h2>
        2
      </h2>
    </div>
    <div
      class="inputContainer"
    >
      <button
        type="button"
      >
        AC
      </button>
      <button
        type="button"
      >
        +/-
      </button>
      <button
        type="button"
      >
        %
      </button>
      <button
        type="button"
      >
        รท
      </button>
      <button
        type="button"
      >
        7
      </button>
      <button
        type="button"
      >
        8
      </button>
      <button
        type="button"
      >
        9
      </button>
      <button
        type="button"
      >
        x
      </button>
      <button
        type="button"
      >
        4
      </button>
      <button
        type="button"
      >
        5
      </button>
      <button
        type="button"
      >
        6
      </button>
      <button
        type="button"
      >
        -
      </button>
      <button
        type="button"
      >
        1
      </button>
      <button
        type="button"
      >
        2
      </button>
      <button
        type="button"
      >
        3
      </button>
      <button
        type="button"
      >
        +
      </button>
      <button
        type="button"
      >
        0
      </button>
      <button
        type="button"
      >
        .
      </button>
      <button
        type="button"
      >
        =
      </button>
    </div>
  </section>
</main>
`;
